
> toxiguard@0.1.0 build
> next build

Γû▓ Next.js 16.1.3 (Turbopack)
- Environments: .env

  Creating an optimized production build ...
Γ£ô Compiled successfully in 4.9s
  Running TypeScript ...
node.exe : Failed to compile.
At line:1 char:1
+ & "C:\Program Files\nodejs/node.exe" 
"C:\Program Files\nodejs/node_mo ...
+ ~~~~~~~~~~~~~~~~~~~~~~~~~~~~~~~~~~~~~~~~~~~~~
~~~~~~~~~~~~~~~~~~~~~~~~
    + CategoryInfo          : NotSpecified: (F 
   ailed to compile.:String) [], RemoteExcept  
  ion
    + FullyQualifiedErrorId : NativeCommandErr 
   or
 

./src/components/CommentCard.tsx:51:30
Type error: Type '{ children: Element[]; 
anonymousId: string; }' is not assignable to 
type 'IntrinsicAttributes & TooltipProps'.
  Property 'anonymousId' does not exist on 
type 'IntrinsicAttributes & TooltipProps'.

[0m [90m 49 |[39m                 
[33m<[39m[33m/[39m[33mdiv[39m[33m>[39m
 [90m 50 |[39m                 
[33m<[39m[33mTooltipProvider[39m[33m>[39m
[31m[1m>[22m[39m[90m 51 |[39m            
         [33m<[39m[33mTooltip[39m anonymous
Id[33m=[39m[32m"post-tooltip"[39m[33m>[39
m
 [90m    |[39m                              
[31m[1m^[22m[39m
 [90m 52 |[39m                         
[33m<[39m[33mTooltipTrigger[39m 
asChild[33m>[39m
 [90m 53 |[39m                             
[33m<[39m[33mButton[39m 
variant[33m=[39m[32m"ghost"[39m 
size[33m=[39m[32m"icon"[39m 
className[33m=[39m[32m"h-8 w-8 
text-muted-foreground 
hover:text-primary"[39m[33m>[39m
 [90m 54 |[39m                               
  [33m<[39m[33mExternalLink[39m 
className[33m=[39m[32m"h-4 w-4"[39m 
[33m/[39m[33m>[39m[0m
Next.js build worker exited with code: 1 and 
signal: null
